[worldwarss.com/index.html]
[worldwarss.com/favicon.77eae63f.ico]
[backblue.gif]
[fade.gif]
[index.html]
[cdn.jsdelivr.net/npm/bootstrap@5.3.0/dist/css/bootstrap.min.css]
[cdnjs.cloudflare.com/ajax/libs/font-awesome/6.0.0/css/all.min.css]
[cdnjs.cloudflare.com/ajax/libs/animate.css/4.1.1/animate.min.css]
[worldwarss.com/css/style.css]
[worldwarss.com/images/blacktail.png]
[worldwarss.com/direct-download.html]
[worldwarss.com/media/main.22792817.mp4]
[worldwarss.com/images/kal-fullbody.ebaf732e.png]
[worldwarss.com/images/black-cat-background.36eb04ee.jpg]
[worldwarss.com/images/melthia-background.4c1cd0c4.jpg]
[worldwarss.com/images/old-heroes.90a4c6ea.jpg]
[worldwarss.com/images/adventure.42415eaf.png]
[worldwarss.com/images/battle.c14dbbb8.png]
[worldwarss.com/images/collect.66f67f11.png]
[cdn.jsdelivr.net/npm/bootstrap@5.3.0/dist/js/bootstrap.bundle.min.js]
[code.jquery.com/jquery-3.6.0.min.js]
[worldwarss.com/js/main.js]
[worldwarss.com/index.html]
[cdn.discordapp.com/attachments/1279015053739425812/1289340541569335390/image.png]
[cdn.jsdelivr.net/npm/bootstrap@5.3.0/dist/css/bootstrap.min.css]
[cdnjs.cloudflare.com/ajax/libs/font-awesome/6.0.0/css/all.min.css]
[cdnjs.cloudflare.com/ajax/libs/animate.css/4.1.1/animate.min.css]
[worldwarss.com/css/style.css]
[worldwarss.com/direct-download.html]
[worldwarss.com/images/pattern.html]
[worldwarss.com/index-2.html]
[worldwarss.com/index-2.html]
